// Jest Snapshot v1, https://goo.gl/fbAQLP

exports[`from / to MouseEvent mouseDown => mouseMove => mouseUp 1`] = `
<Tempo
  isHandlerEnabled={true}
  maxDelta={100}
  range={
    Object {
      "from": 50,
      "to": 200,
    }
  }
  role="from"
  tempo={80}
>
  <div
    className="from"
    onMouseDown={[Function]}
    onMouseMove={[Function]}
    onMouseUp={[Function]}
    onTouchEnd={[Function]}
    onTouchMove={[Function]}
    onTouchStart={[Function]}
  >
    <span
      className="tempoValue"
    >
      120
    </span>
  </div>
</Tempo>
`;

exports[`from / to MouseEvent mouseDown => mouseMove 1`] = `
<Tempo
  isHandlerEnabled={true}
  maxDelta={100}
  range={
    Object {
      "from": 50,
      "to": 200,
    }
  }
  role="from"
  tempo={80}
>
  <div
    className="from"
    onMouseDown={[Function]}
    onMouseMove={[Function]}
    onMouseUp={[Function]}
    onTouchEnd={[Function]}
    onTouchMove={[Function]}
    onTouchStart={[Function]}
  >
    <span
      className="tempoValue"
    >
      120
    </span>
  </div>
</Tempo>
`;

exports[`from / to MouseEvent mouseDown 1`] = `
<Tempo
  isHandlerEnabled={true}
  maxDelta={100}
  range={
    Object {
      "from": 50,
      "to": 200,
    }
  }
  role="from"
  tempo={80}
>
  <div
    className="from"
    onMouseDown={[Function]}
    onMouseMove={[Function]}
    onMouseUp={[Function]}
    onTouchEnd={[Function]}
    onTouchMove={[Function]}
    onTouchStart={[Function]}
  >
    <span
      className="tempoValue"
    >
      80
    </span>
  </div>
</Tempo>
`;

exports[`from / to MouseEvent toggleHandler() * 2 => mouseDown => mouseMove => mouseUp 1`] = `
<Tempo
  isHandlerEnabled={true}
  maxDelta={100}
  range={
    Object {
      "from": 50,
      "to": 200,
    }
  }
  role="from"
  tempo={80}
>
  <div
    className="from"
    onMouseDown={[Function]}
    onMouseMove={[Function]}
    onMouseUp={[Function]}
    onTouchEnd={[Function]}
    onTouchMove={[Function]}
    onTouchStart={[Function]}
  >
    <span
      className="tempoValue"
    >
      120
    </span>
  </div>
</Tempo>
`;

exports[`from / to MouseEvent toggleHandler() => mouseDown => mouseMove => mouseUp 1`] = `
<Tempo
  isHandlerEnabled={true}
  maxDelta={100}
  range={
    Object {
      "from": 50,
      "to": 200,
    }
  }
  role="from"
  tempo={80}
>
  <div
    className="from"
    onMouseDown={[Function]}
    onMouseMove={[Function]}
    onMouseUp={[Function]}
    onTouchEnd={[Function]}
    onTouchMove={[Function]}
    onTouchStart={[Function]}
  >
    <span
      className="tempoValue"
    >
      80
    </span>
  </div>
</Tempo>
`;

exports[`from / to TouchEvent toggleHandler() * 2 => touchStart => touchMove => touchEnd 1`] = `
<Tempo
  isHandlerEnabled={true}
  maxDelta={100}
  range={
    Object {
      "from": 50,
      "to": 200,
    }
  }
  role="from"
  tempo={80}
>
  <div
    className="from"
    onMouseDown={[Function]}
    onMouseMove={[Function]}
    onMouseUp={[Function]}
    onTouchEnd={[Function]}
    onTouchMove={[Function]}
    onTouchStart={[Function]}
  >
    <span
      className="tempoValue"
    >
      120
    </span>
  </div>
</Tempo>
`;

exports[`from / to TouchEvent toggleHandler() => touchStart => touchMove => touchEnd 1`] = `
<Tempo
  isHandlerEnabled={true}
  maxDelta={100}
  range={
    Object {
      "from": 50,
      "to": 200,
    }
  }
  role="from"
  tempo={80}
>
  <div
    className="from"
    onMouseDown={[Function]}
    onMouseMove={[Function]}
    onMouseUp={[Function]}
    onTouchEnd={[Function]}
    onTouchMove={[Function]}
    onTouchStart={[Function]}
  >
    <span
      className="tempoValue"
    >
      80
    </span>
  </div>
</Tempo>
`;

exports[`from / to TouchEvent touchStart => touchMove => touchEnd 1`] = `
<Tempo
  isHandlerEnabled={true}
  maxDelta={100}
  range={
    Object {
      "from": 50,
      "to": 200,
    }
  }
  role="from"
  tempo={80}
>
  <div
    className="from"
    onMouseDown={[Function]}
    onMouseMove={[Function]}
    onMouseUp={[Function]}
    onTouchEnd={[Function]}
    onTouchMove={[Function]}
    onTouchStart={[Function]}
  >
    <span
      className="tempoValue"
    >
      120
    </span>
  </div>
</Tempo>
`;

exports[`from / to TouchEvent touchStart => touchMove 1`] = `
<Tempo
  isHandlerEnabled={true}
  maxDelta={100}
  range={
    Object {
      "from": 50,
      "to": 200,
    }
  }
  role="from"
  tempo={80}
>
  <div
    className="from"
    onMouseDown={[Function]}
    onMouseMove={[Function]}
    onMouseUp={[Function]}
    onTouchEnd={[Function]}
    onTouchMove={[Function]}
    onTouchStart={[Function]}
  >
    <span
      className="tempoValue"
    >
      120
    </span>
  </div>
</Tempo>
`;

exports[`from / to TouchEvent touchStart 1`] = `
<Tempo
  isHandlerEnabled={true}
  maxDelta={100}
  range={
    Object {
      "from": 50,
      "to": 200,
    }
  }
  role="from"
  tempo={80}
>
  <div
    className="from"
    onMouseDown={[Function]}
    onMouseMove={[Function]}
    onMouseUp={[Function]}
    onTouchEnd={[Function]}
    onTouchMove={[Function]}
    onTouchStart={[Function]}
  >
    <span
      className="tempoValue"
    >
      80
    </span>
  </div>
</Tempo>
`;

exports[`from / to changes tempo 1`] = `
<Tempo
  isHandlerEnabled={true}
  maxDelta={100}
  range={
    Object {
      "from": 50,
      "to": 200,
    }
  }
  role="from"
  tempo={80}
>
  <div
    className="from"
    onMouseDown={[Function]}
    onMouseMove={[Function]}
    onMouseUp={[Function]}
    onTouchEnd={[Function]}
    onTouchMove={[Function]}
    onTouchStart={[Function]}
  >
    <span
      className="tempoValue"
    >
      80
    </span>
  </div>
</Tempo>
`;

exports[`from / to normalize tempo to max when passed value is more than than max 1`] = `
<Tempo
  isHandlerEnabled={true}
  maxDelta={100}
  range={
    Object {
      "from": 50,
      "to": 200,
    }
  }
  role="from"
  tempo={80}
>
  <div
    className="from"
    onMouseDown={[Function]}
    onMouseMove={[Function]}
    onMouseUp={[Function]}
    onTouchEnd={[Function]}
    onTouchMove={[Function]}
    onTouchStart={[Function]}
  >
    <span
      className="tempoValue"
    >
      80
    </span>
  </div>
</Tempo>
`;

exports[`from / to normalize tempo to min when passed value is less than than min 1`] = `
<Tempo
  isHandlerEnabled={true}
  maxDelta={100}
  range={
    Object {
      "from": 50,
      "to": 200,
    }
  }
  role="from"
  tempo={80}
>
  <div
    className="from"
    onMouseDown={[Function]}
    onMouseMove={[Function]}
    onMouseUp={[Function]}
    onTouchEnd={[Function]}
    onTouchMove={[Function]}
    onTouchStart={[Function]}
  >
    <span
      className="tempoValue"
    >
      80
    </span>
  </div>
</Tempo>
`;

exports[`from / to returns current tempo 1`] = `
<Tempo
  isHandlerEnabled={true}
  maxDelta={100}
  range={
    Object {
      "from": 50,
      "to": 200,
    }
  }
  role="from"
  tempo={80}
>
  <div
    className="from"
    onMouseDown={[Function]}
    onMouseMove={[Function]}
    onMouseUp={[Function]}
    onTouchEnd={[Function]}
    onTouchMove={[Function]}
    onTouchStart={[Function]}
  >
    <span
      className="tempoValue"
    >
      80
    </span>
  </div>
</Tempo>
`;
